(a4,f7.4,a1,1x,f8.4,a1,1x,i4,1x,i1,1x,i3,1x,f5.2,2x,f5.2,3x,i1)                 
MGSL38.2700N  47.0200E 1762 1  29  0.00   0.00       lon,z,model,icc,ptcor,stcor
SRND38.3100N  46.6100E 1692 1  28  0.11   0.00                                  
ZANG38.4300N  46.7300E 1935 1  27 -0.18   0.00                                  
FRMZ38.5200N  46.5500E 1744 1  26  0.03   0.00                                  
BLVR38.2600N  46.8600E 1584 1  25  0.19   0.00                                  
AZGN38.5300N  46.9500E 1538 1  24 -0.27   0.00                                  
KVCH38.3300N  46.5800E 1857 1  23  0.11   0.00                                  
GOLJ38.4100N  46.4200E 2044 1  22 -0.01   0.00                                  
HIGH38.3400N  46.6700E 1833 1  21 -0.03   0.00                                  
NMVR38.3000N  46.9400E 1589 1  20  0.02   0.00                                  
VRDN38.4400N  46.9800E 1399 1  19 -0.15   0.00                                  
ORNG38.4900N  46.8600E 1527 1  18 -0.01   0.00                                  
KRNG38.4400N  47.1100E 1401 1  17 -0.17   0.00                                  
HRS 38.3173N  47.0433E 2112 1  16 -0.56   0.00                                  
GZCH38.4400N  46.8000E 1773 1  15 -0.15   0.00                                  
TBZ 38.2348N  46.1498E 1583 1  14  0.09   0.00                                  
MHTR38.4700N  46.7100E 1803 1  13 -0.10   0.00                                  
BST 37.7003N  46.8888E 2110 1  12  0.00   0.00                                  
VRZ138.5040N  46.6680E 1693 1   7 -0.02   0.00                                  
HMLO38.4800N  46.5300E 1918 1   6  0.00   0.00                                  
TABZ38.0570N  46.3270E 1487 1   5  0.00   0.00                                  
GRVN38.2600N  47.1800E 2060 1   3  0.00   0.00                                  
 
